
> tra-da-weekly-frontend@0.1.0 dev
> vite --host 127.0.0.1


  VITE v5.4.10  ready in 2628 ms

  ➜  Local:   http://127.0.0.1:5173/
  ➜  press h + enter to show help
3:36:55 PM [vite] page reload src/App.jsx
3:36:55 PM [vite] page reload src/App.jsx
3:36:59 PM [vite] page reload src/main.jsx
4:18:46 PM [vite] page reload src/api.js
4:19:44 PM [vite] page reload src/App.jsx
4:20:02 PM [vite] page reload src/App.jsx
4:20:20 PM [vite] page reload src/App.jsx
4:21:46 PM [vite] page reload src/App.jsx
4:24:06 PM [vite] hmr update /src/styles.css
4:33:33 PM [vite] page reload src/App.jsx
4:56:13 PM [vite] page reload src/api.js
4:56:33 PM [vite] page reload src/App.jsx
4:57:19 PM [vite] page reload src/App.jsx
4:57:50 PM [vite] page reload src/App.jsx
4:59:47 PM [vite] page reload src/App.jsx
5:00:03 PM [vite] page reload src/App.jsx
5:00:36 PM [vite] page reload src/App.jsx
5:02:13 PM [vite] hmr update /src/styles.css
5:04:20 PM [vite] page reload src/App.jsx
5:04:37 PM [vite] hmr update /src/styles.css
5:16:32 PM [vite] page reload src/api.js
5:17:04 PM [vite] page reload src/App.jsx
5:17:05 PM [vite] Pre-transform error: Failed to load url /src/App.jsx (resolved id: D:/web_diem_danh_tra_da/frontend/src/App.jsx) in D:/web_diem_danh_tra_da/frontend/src/main.jsx. Does the file exist?
5:18:58 PM [vite] page reload src/App.jsx
5:19:10 PM [vite] hmr update /src/styles.css
